[ 3922429ms] [WARNING] misspelled option "setAutoScrollEditorIntoView" @ https://front.tildacdn.com/aceeditor/ace.js?v=70989:0
[ 3971402ms] [WARNING] misspelled option "setAutoScrollEditorIntoView" @ https://front.tildacdn.com/aceeditor/ace.js?v=70989:0
[ 3989420ms] [WARNING] misspelled option "setAutoScrollEditorIntoView" @ https://front.tildacdn.com/aceeditor/ace.js?v=70989:0
[ 4171077ms] [WARNING] misspelled option "setAutoScrollEditorIntoView" @ https://front.tildacdn.com/aceeditor/ace.js?v=70989:0
[ 4195311ms] [WARNING] misspelled option "setAutoScrollEditorIntoView" @ https://front.tildacdn.com/aceeditor/ace.js?v=70989:0
[ 7750738ms] [WARNING] misspelled option "setAutoScrollEditorIntoView" @ https://front.tildacdn.com/aceeditor/ace.js?v=70989:0
[ 7917551ms] [WARNING] misspelled option "setAutoScrollEditorIntoView" @ https://front.tildacdn.com/aceeditor/ace.js?v=70989:0
[ 7956435ms] [WARNING] misspelled option "setAutoScrollEditorIntoView" @ https://front.tildacdn.com/aceeditor/ace.js?v=70989:0
[ 8035916ms] [WARNING] misspelled option "setAutoScrollEditorIntoView" @ https://front.tildacdn.com/aceeditor/ace.js?v=70989:0
[ 8223341ms] [WARNING] misspelled option "setAutoScrollEditorIntoView" @ https://front.tildacdn.com/aceeditor/ace.js?v=70989:0
[ 8973680ms] [ERROR] Error parse server response! error:SyntaxError: Unexpected token 'E', "Error.." is not valid JSON @ https://app.tildacdn.com/tfront/page-editor/t-page-all.min.js?v=v26081401:0
[ 8973681ms] [ERROR] Error.. @ https://app.tildacdn.com/tfront/page-editor/t-page-all.min.js?v=v26081401:0
[ 9003986ms] [LOG] func: t396_openeditor @ :0
[ 9004362ms] [ERROR] Failed to load resource: the server responded with a status of 403 () @ https://tilda.ru/null/?recordid=3115047001&pageid=63421187&nocache=xh36ri:0
[ 9540251ms] [ERROR] Error saving field tn_bgimg_1752152666110 in record 3115047001: Error. Unknown field @ https://app.tildacdn.com/tfront/page-editor/t-page-all.min.js?v=v26081401:0
[ 9580663ms] [WARNING] misspelled option "setAutoScrollEditorIntoView" @ https://front.tildacdn.com/aceeditor/ace.js?v=70989:0
[ 9896046ms] [WARNING] misspelled option "setAutoScrollEditorIntoView" @ https://front.tildacdn.com/aceeditor/ace.js?v=70989:0
[10047738ms] [WARNING] misspelled option "setAutoScrollEditorIntoView" @ https://front.tildacdn.com/aceeditor/ace.js?v=70989:0
[10163188ms] [WARNING] misspelled option "setAutoScrollEditorIntoView" @ https://front.tildacdn.com/aceeditor/ace.js?v=70989:0
[10374178ms] [WARNING] misspelled option "setAutoScrollEditorIntoView" @ https://front.tildacdn.com/aceeditor/ace.js?v=70989:0
[10587716ms] [WARNING] misspelled option "setAutoScrollEditorIntoView" @ https://front.tildacdn.com/aceeditor/ace.js?v=70989:0
[12490345ms] [WARNING] misspelled option "setAutoScrollEditorIntoView" @ https://front.tildacdn.com/aceeditor/ace.js?v=70989:0
